---
source: crates/cli/tests/tui_project_list_test.rs
expression: output
---
Select Project                                                                  
                                                                                
────────────────────────────────────────────────────────────────────────────────
┌──────────────────────────────────────────────────────────────────────────────┐
│▶ proj-a                                                                      │
│  proj-b                                                                      │
│  proj-c                                                                      │
│                                                                              │
│                                                                              │
│                                                                              │
│                                                                              │
│                                                                              │
│                                                                              │
│                                                                              │
│                                                                              │
│                                                                              │
│                                                                              │
│                                                                              │
│                                                                              │
│                                                                              │
└──────────────────────────────────────────────────────────────────────────────┘
────────────────────────────────────────────────────────────────────────────────
q: quit | ↑↓: select | Enter: confirm | a: add
