---
source: crates/cli/tests/tui_config_form_test.rs
expression: output
---
LLM Configuration                                                               
                                                                                
────────────────────────────────────────────────────────────────────────────────
┌LLM Settings──────────────────────────────────────────────────────────────────┐
│Current Configuration                                                         │
│                                                                              │
│Provider:  minimax                                                            │
│Base URL:  https://api.minimax.chat/v1                                        │
│API Key:   sk-c****                                                           │
│Model:     MiniMax-M2.7                                                       │
│                                                                              │
│[↑↓] Select  [Enter] Edit  [s] Save  [Esc] Back                               │
│                                                                              │
│                                                                              │
│                                                                              │
│                                                                              │
│                                                                              │
│                                                                              │
│                                                                              │
│                                                                              │
└──────────────────────────────────────────────────────────────────────────────┘
────────────────────────────────────────────────────────────────────────────────
[↑↓] Navigate  [Enter] Select/Edit  [s] Save  [Esc] Cancel
